gcc -I./include -std=gnu11 -c src/main.c -o obj/main.o
echo obj/utilities.o obj/task_manager.o obj/task.o obj/main.o obj/appointment.o
obj/utilities.o obj/task_manager.o obj/task.o obj/main.o obj/appointment.o
gcc  obj/utilities.o obj/task_manager.o obj/task.o obj/main.o obj/appointment.o -o bin/main.exe -lm
./bin/main.exe

----- 1 -----
Title: This is task 1
Description: New task, who dis 1
Is completed: No

----- 2 -----
Title: This is an appointment
Description: New appointment, who dis
Start Time: Wed Mar 16 21:23:50 2022
Stop Time: Wed Mar 16 21:23:50 2022
Attendees: Jon, Andrew, Sally

